C:\Users\Hanz Mapua\Workspace\Militopia\core\src\main\java\com\militopia\screen\GameScreen.java:492: error: cannot find symbol
            } else if (t.type == TypeComponent.Type.OBJECT && e.getComponent(AnimalComponent.class) == null) {
                                                                             ^
  symbol:   class AnimalComponent
  location: class GameScreen
C:\Users\Hanz Mapua\Workspace\Militopia\core\src\main\java\com\militopia\screen\GameScreen.java:581: error: cannot find symbol
                    AbilitiesComponent a = e.getComponent(AbilitiesComponent.class);
                    ^
  symbol:   class AbilitiesComponent
  location: class GameScreen
C:\Users\Hanz Mapua\Workspace\Militopia\core\src\main\java\com\militopia\screen\GameScreen.java:581: error: cannot find symbol
                    AbilitiesComponent a = e.getComponent(AbilitiesComponent.class);
                                                          ^
  symbol:   class AbilitiesComponent
  location: class GameScreen
3 errors

FAILURE: Build failed with an exception.

* What went wrong:
Execution failed for task ':core:compileJava'.
> Compilation failed; see the compiler error output for details.

* Try:
> Run with --info option to get more log output.
> Run with --scan to get full insights.

BUILD FAILED in 17s
